extensions/email-sms/sources/ui/pom.xml
extensions/email-sms/sources/ui/src/main/java/tools/dynamia/modules/email/ui/OTPInputDialog.java
extensions/email-sms/sources/ui/src/main/java/tools/dynamia/modules/email/ui/actions/PreviewEmailTemplateAction.java
extensions/email-sms/sources/ui/src/main/java/tools/dynamia/modules/email/ui/actions/TestEmailAccountAction.java
extensions/email-sms/sources/ui/src/main/java/tools/dynamia/modules/email/ui/actions/TestSMSAction.java
extensions/entity-files/sources/ui/pom.xml
extensions/entity-files/sources/ui/src/main/java/tools/dynamia/modules/entityfile/ui/EntityFileController.java
extensions/entity-files/sources/ui/src/main/java/tools/dynamia/modules/entityfile/ui/actions/NewDirectoryAction.java
extensions/entity-files/sources/ui/src/main/java/tools/dynamia/modules/entityfile/ui/actions/NewFileAction.java
extensions/entity-files/sources/ui/src/main/java/tools/dynamia/modules/entityfile/ui/actions/ViewFileURLAction.java
extensions/entity-files/sources/ui/src/main/java/tools/dynamia/modules/entityfile/ui/components/DirectoryBox.java
extensions/entity-files/sources/ui/src/main/java/tools/dynamia/modules/entityfile/ui/components/DirectoryExplorer.java
extensions/entity-files/sources/ui/src/main/java/tools/dynamia/modules/entityfile/ui/components/DirectoryTreeItemRenderer.java
extensions/entity-files/sources/ui/src/main/java/tools/dynamia/modules/entityfile/ui/components/DirectoryTreeNode.java
extensions/entity-files/sources/ui/src/main/java/tools/dynamia/modules/entityfile/ui/components/EntityFileDownloadlink.java
extensions/entity-files/sources/ui/src/main/java/tools/dynamia/modules/entityfile/ui/components/EntityFileImage.java
extensions/entity-files/sources/ui/src/main/java/tools/dynamia/modules/entityfile/ui/components/EntityFileUploadlink.java
extensions/entity-files/sources/ui/src/main/java/tools/dynamia/modules/entityfile/ui/components/FilesCountImage.java
extensions/entity-files/sources/ui/src/main/java/tools/dynamia/modules/entityfile/ui/components/StorageCombobox.java
extensions/entity-files/sources/ui/src/main/java/tools/dynamia/modules/entityfile/ui/util/EntityFileUtils.java
extensions/file-importer/sources/ui/pom.xml
extensions/file-importer/sources/ui/src/main/java/tools/dynamia/modules/importer/ImportAction.java
extensions/file-importer/sources/ui/src/main/java/tools/dynamia/modules/importer/ImportExcelAction.java
extensions/file-importer/sources/ui/src/main/java/tools/dynamia/modules/importer/ImportOperation.java
extensions/file-importer/sources/ui/src/main/java/tools/dynamia/modules/importer/ui/GenerateImportFormatAction.java
extensions/file-importer/sources/ui/src/main/java/tools/dynamia/modules/importer/ui/Importer.java
extensions/http-functions/sources/ui/pom.xml
extensions/http-functions/sources/ui/src/main/java/tools/dynamia/modules/functions/ui/actions/TestHttpFunctionAction.java
extensions/reports/sources/ui/pom.xml
extensions/reports/sources/ui/src/main/java/tools/dynamia/modules/reports/ui/ReportFilterOptionItemRenderer.java
extensions/reports/sources/ui/src/main/java/tools/dynamia/modules/reports/ui/ReportListViewModel.java
extensions/reports/sources/ui/src/main/java/tools/dynamia/modules/reports/ui/ReportPage.java
extensions/reports/sources/ui/src/main/java/tools/dynamia/modules/reports/ui/ReportViewer.java
extensions/reports/sources/ui/src/main/java/tools/dynamia/modules/reports/ui/actions/TestReportDatasourceAction.java
extensions/reports/sources/ui/src/main/java/tools/dynamia/modules/reports/ui/controllers/ReportCrudController.java
extensions/reports/sources/ui/src/main/java/tools/dynamia/modules/reports/ui/customizers/ReportDataSourceConfigFormCustomizer.java
extensions/saas/sources/ui/pom.xml
extensions/saas/sources/ui/src/main/java/tools/dynamia/modules/saas/ui/ZKAccountResolver.java
extensions/saas/sources/ui/src/main/java/tools/dynamia/modules/saas/ui/action/FilterAccountByRegionAction.java
extensions/saas/sources/ui/src/main/java/tools/dynamia/modules/saas/ui/action/ShowAccountAdminActions.java
extensions/saas/sources/ui/src/main/java/tools/dynamia/modules/saas/ui/action/ViewAccountLogAction.java
extensions/saas/sources/ui/src/main/java/tools/dynamia/modules/saas/ui/action/ViewAccountLogoAction.java
extensions/saas/sources/ui/src/main/java/tools/dynamia/modules/saas/ui/action/ViewAccountPayments.java
extensions/saas/sources/ui/src/main/java/tools/dynamia/modules/saas/ui/action/ViewAccountStatsAction.java
extensions/saas/sources/ui/src/main/java/tools/dynamia/modules/saas/ui/controllers/AccountCrudController.java
extensions/saas/sources/ui/src/main/java/tools/dynamia/modules/saas/ui/controllers/AccountFeatureCrudController.java
extensions/saas/sources/ui/src/main/java/tools/dynamia/modules/saas/ui/controllers/AccountProfileController.java
extensions/saas/sources/ui/src/main/java/tools/dynamia/modules/saas/ui/customizers/AccountFormCustomizer.java
extensions/saas/sources/ui/src/main/java/tools/dynamia/modules/saas/ui/vm/AccountProfileCrudVM.java
extensions/security/sources/ui/pom.xml
extensions/security/sources/ui/src/main/java/tools/dynamia/modules/security/ui/action/ResetPasswordAction.java
extensions/security/sources/ui/src/main/java/tools/dynamia/modules/security/ui/controllers/UserAccessTokenController.java
extensions/security/sources/ui/src/main/java/tools/dynamia/modules/security/ui/controllers/UserCrudController.java
extensions/security/sources/ui/src/main/java/tools/dynamia/modules/security/ui/customizer/UserFormViewCustomizer.java
extensions/security/sources/ui/src/main/java/tools/dynamia/modules/security/ui/vm/AsignedUserProfileVM.java
extensions/security/sources/ui/src/main/java/tools/dynamia/modules/security/ui/vm/LoginVM.java
extensions/security/sources/ui/src/main/java/tools/dynamia/modules/security/ui/vm/NavigationTreeItemRenderer.java
extensions/security/sources/ui/src/main/java/tools/dynamia/modules/security/ui/vm/ProfileCrudVM.java
extensions/security/sources/ui/src/main/java/tools/dynamia/modules/security/ui/vm/UserProfileVM.java
