examples/demo-zk-books/src/main/java/mybookstore/actions/FilterBookByBuyDateAction.java
examples/demo-zk-books/src/main/java/mybookstore/actions/FilterBookByPublishDateAction.java
examples/demo-zk-books/src/main/java/mybookstore/actions/LongOperationActionDemo.java
examples/demo-zk-books/src/main/java/mybookstore/actions/SomeGlobalAction.java
extensions/email-sms/sources/core/src/main/java/tools/dynamia/modules/email/ui/actions/SetPreferredAccountAction.java
extensions/email-sms/sources/ui/src/main/java/tools/dynamia/modules/email/ui/actions/PreviewEmailTemplateAction.java
extensions/email-sms/sources/ui/src/main/java/tools/dynamia/modules/email/ui/actions/TestEmailAccountAction.java
extensions/email-sms/sources/ui/src/main/java/tools/dynamia/modules/email/ui/actions/TestSMSAction.java
extensions/entity-files/sources/core/src/main/java/tools/dynamia/modules/entityfile/ui/actions/ClearEntityFileCacheAction.java
extensions/entity-files/sources/core/src/main/java/tools/dynamia/modules/entityfile/ui/actions/MoveEntityFileLocalToRemoteStorageAction.java
extensions/entity-files/sources/core/src/main/java/tools/dynamia/modules/entityfile/ui/actions/ReloadEntityFileStoragesAction.java
extensions/entity-files/sources/ui/src/main/java/tools/dynamia/modules/entityfile/ui/actions/DeleteFileAction.java
extensions/entity-files/sources/ui/src/main/java/tools/dynamia/modules/entityfile/ui/actions/DownloadFileAction.java
extensions/entity-files/sources/ui/src/main/java/tools/dynamia/modules/entityfile/ui/actions/FileAction.java
extensions/entity-files/sources/ui/src/main/java/tools/dynamia/modules/entityfile/ui/actions/NewDirectoryAction.java
extensions/entity-files/sources/ui/src/main/java/tools/dynamia/modules/entityfile/ui/actions/NewFileAction.java
extensions/entity-files/sources/ui/src/main/java/tools/dynamia/modules/entityfile/ui/actions/ViewFileURLAction.java
extensions/http-functions/sources/ui/src/main/java/tools/dynamia/modules/functions/ui/actions/TestHttpFunctionAction.java
extensions/reports/sources/ui/src/main/java/tools/dynamia/modules/reports/ui/actions/ImportReportAction.java
extensions/reports/sources/ui/src/main/java/tools/dynamia/modules/reports/ui/actions/TestReportDatasourceAction.java
extensions/reports/sources/ui/src/main/java/tools/dynamia/modules/reports/ui/actions/ViewReportAction.java
extensions/saas/sources/core/src/main/java/tools/dynamia/modules/saas/ui/action/ClearAccountCacheAction.java
extensions/saas/sources/core/src/main/java/tools/dynamia/modules/saas/ui/action/ReinitAccountAction.java
extensions/saas/sources/core/src/main/java/tools/dynamia/modules/saas/ui/action/ResetAccountBalanceAction.java
extensions/saas/sources/core/src/main/java/tools/dynamia/modules/saas/ui/action/SaveAccountFeaturesAction.java
extensions/saas/sources/ui/src/main/java/tools/dynamia/modules/saas/ui/action/FilterAccountByRegionAction.java
extensions/saas/sources/ui/src/main/java/tools/dynamia/modules/saas/ui/action/NewAccountPaymentAction.java
extensions/saas/sources/ui/src/main/java/tools/dynamia/modules/saas/ui/action/ShowAccountAdminActions.java
extensions/saas/sources/ui/src/main/java/tools/dynamia/modules/saas/ui/action/ViewAccountLogAction.java
extensions/saas/sources/ui/src/main/java/tools/dynamia/modules/saas/ui/action/ViewAccountLogoAction.java
extensions/saas/sources/ui/src/main/java/tools/dynamia/modules/saas/ui/action/ViewAccountPayments.java
extensions/saas/sources/ui/src/main/java/tools/dynamia/modules/saas/ui/action/ViewAccountStatsAction.java
extensions/security/sources/ui/src/main/java/tools/dynamia/modules/security/ui/action/ResetPasswordAction.java
extensions/security/sources/ui/src/main/java/tools/dynamia/modules/security/ui/action/SetUserProfilesAction.java
platform/core/crud/src/main/java/tools/dynamia/crud/actions/CancelAction.java
platform/core/crud/src/main/java/tools/dynamia/crud/actions/EditAction.java
platform/core/crud/src/main/java/tools/dynamia/crud/actions/NewAction.java
platform/core/crud/src/main/java/tools/dynamia/crud/actions/SaveAndEditAction.java
platform/core/crud/src/main/java/tools/dynamia/crud/actions/SaveAndNewAction.java
platform/ui/zk/src/main/java/tools/dynamia/zk/actions/CallZKGlobalCommandViewAction.java
platform/ui/zk/src/main/java/tools/dynamia/zk/actions/SendHttpRequestViewAction.java
platform/ui/zk/src/main/java/tools/dynamia/zk/reports/actions/ViewReportParametersAction.java
