examples/demo-zk-books/src/main/java/mybookstore/actions/FilterBookByPublishDateAction.java
examples/demo-zk-books/src/main/java/mybookstore/actions/LongOperationActionDemo.java
extensions/email-sms/sources/ui/src/main/java/tools/dynamia/modules/email/ui/actions/PreviewEmailTemplateAction.java
extensions/email-sms/sources/ui/src/main/java/tools/dynamia/modules/email/ui/actions/TestEmailAccountAction.java
extensions/email-sms/sources/ui/src/main/java/tools/dynamia/modules/email/ui/actions/TestSMSAction.java
extensions/entity-files/sources/ui/src/main/java/tools/dynamia/modules/entityfile/ui/actions/DownloadFileAction.java
extensions/entity-files/sources/ui/src/main/java/tools/dynamia/modules/entityfile/ui/actions/MoveEntityFileLocalToRemoteStorageAction.java
extensions/entity-files/sources/ui/src/main/java/tools/dynamia/modules/entityfile/ui/actions/NewDirectoryAction.java
extensions/entity-files/sources/ui/src/main/java/tools/dynamia/modules/entityfile/ui/actions/NewFileAction.java
extensions/entity-files/sources/ui/src/main/java/tools/dynamia/modules/entityfile/ui/actions/ViewFileURLAction.java
extensions/http-functions/sources/ui/src/main/java/tools/dynamia/modules/functions/ui/actions/TestHttpFunctionAction.java
extensions/reports/sources/ui/src/main/java/tools/dynamia/modules/reports/ui/actions/TestReportDatasourceAction.java
extensions/saas/sources/ui/src/main/java/tools/dynamia/modules/saas/ui/action/FilterAccountByRegionAction.java
extensions/saas/sources/ui/src/main/java/tools/dynamia/modules/saas/ui/action/NewAccountPaymentAction.java
extensions/saas/sources/ui/src/main/java/tools/dynamia/modules/saas/ui/action/ShowAccountAdminActions.java
extensions/saas/sources/ui/src/main/java/tools/dynamia/modules/saas/ui/action/ViewAccountLogAction.java
extensions/saas/sources/ui/src/main/java/tools/dynamia/modules/saas/ui/action/ViewAccountLogoAction.java
extensions/saas/sources/ui/src/main/java/tools/dynamia/modules/saas/ui/action/ViewAccountPayments.java
extensions/saas/sources/ui/src/main/java/tools/dynamia/modules/saas/ui/action/ViewAccountStatsAction.java
extensions/security/sources/ui/src/main/java/tools/dynamia/modules/security/ui/action/ResetPasswordAction.java
platform/ui/zk/src/main/java/tools/dynamia/zk/actions/CallZKGlobalCommandViewAction.java
platform/ui/zk/src/main/java/tools/dynamia/zk/actions/SendHttpRequestViewAction.java
platform/ui/zk/src/main/java/tools/dynamia/zk/crud/actions/FiltersAction.java
platform/ui/zk/src/main/java/tools/dynamia/zk/crud/actions/FindAction.java
platform/ui/zk/src/main/java/tools/dynamia/zk/crud/actions/ViewDataAction.java
platform/ui/zk/src/main/java/tools/dynamia/zk/crud/cfg/SaveConfigAction.java
platform/ui/zk/src/main/java/tools/dynamia/zk/reports/actions/ExportAction.java
platform/ui/zk/src/main/java/tools/dynamia/zk/reports/actions/ExportCSVAction.java
platform/ui/zk/src/main/java/tools/dynamia/zk/reports/actions/ExportExcelAction.java
platform/ui/zk/src/main/java/tools/dynamia/zk/reports/actions/ExportJsonAction.java
platform/ui/zk/src/main/java/tools/dynamia/zk/reports/actions/ViewReportParametersAction.java
